------------------------------------------------------------
TimeQuest Timing Analyzer Summary
------------------------------------------------------------

Type  : Slow Model Setup 'clk'
Slack : -6.717
TNS   : -294.262

Type  : Slow Model Setup 'state[0]~reg0'
Slack : -2.071
TNS   : -4.872

Type  : Slow Model Hold 'state[0]~reg0'
Slack : -2.642
TNS   : -7.837

Type  : Slow Model Hold 'clk'
Slack : -1.659
TNS   : -43.532

Type  : Slow Model Minimum Pulse Width 'clk'
Slack : -2.000
TNS   : -432.684

Type  : Slow Model Minimum Pulse Width 'state[0]~reg0'
Slack : 0.500
TNS   : 0.000

Type  : Fast Model Setup 'clk'
Slack : -2.226
TNS   : -65.695

Type  : Fast Model Setup 'state[0]~reg0'
Slack : -0.466
TNS   : -0.807

Type  : Fast Model Hold 'state[0]~reg0'
Slack : -1.498
TNS   : -4.457

Type  : Fast Model Hold 'clk'
Slack : -1.196
TNS   : -38.283

Type  : Fast Model Minimum Pulse Width 'clk'
Slack : -2.000
TNS   : -437.292

Type  : Fast Model Minimum Pulse Width 'state[0]~reg0'
Slack : 0.500
TNS   : 0.000

------------------------------------------------------------
