(---------------------------------------------------------------------)
(                                                                     )
(    Allegro Netrev Import Logic                                      )
(                                                                     )
(    Drawing          : PLL_VCO_FINAL.brd                             )
(    Software Version : 16.6S042                                      )
(    Date/Time        : Sun Feb 28 21:30:44 2016                      )
(                                                                     )
(---------------------------------------------------------------------)


------ Directives ------------

Ripup etch:                  No
Ripup delete first segment:  No
Ripup retain bondwire:       No
Ripup symbols:               Always
Missing symbol has error:    No
DRC update:                  Yes
Schematic directory:         'C:/Users/Dart/Desktop/FMCW/FMCW/PCB/Transmitter/allegro'
Design Directory:            '.'
Old design name:             'C:/Users/Dart/Desktop/FMCW/FMCW/PCB/Transmitter/PLL_VCO_FINAL.brd'
New design name:             'C:/Users/Dart/Desktop/FMCW/FMCW/PCB/Transmitter/PLL_VCO_FINAL.brd'

CmdLine: netrev -$ -i C:/Users/Dart/Desktop/FMCW/FMCW/PCB/Transmitter/allegro -y 1 -q netrev_constraint_report.xml C:/Users/Dart/Desktop/FMCW/FMCW/PCB/Transmitter/#Taaaabh05488.tmp

------ Preparing to read pst files ------

Starting to read C:/Users/Dart/Desktop/FMCW/FMCW/PCB/Transmitter/allegro/pstchip.dat 
   Finished reading C:/Users/Dart/Desktop/FMCW/FMCW/PCB/Transmitter/allegro/pstchip.dat (00:00:00.05)
Starting to read C:/Users/Dart/Desktop/FMCW/FMCW/PCB/Transmitter/allegro/pstxprt.dat 
   Finished reading C:/Users/Dart/Desktop/FMCW/FMCW/PCB/Transmitter/allegro/pstxprt.dat (00:00:00.00)
Starting to read C:/Users/Dart/Desktop/FMCW/FMCW/PCB/Transmitter/allegro/pstxnet.dat 
   Finished reading C:/Users/Dart/Desktop/FMCW/FMCW/PCB/Transmitter/allegro/pstxnet.dat (00:00:00.00)

------ Oversights/Warnings/Errors ------


------ Library Paths ------
MODULEPATH =  . 
           C:/Cadence/SPB_16.6/share/local/pcb/modules 

PSMPATH =  . 
           symbols 
           .. 
           ../symbols 
           C:/Cadence/SPB_16.6/share/local/pcb/symbols 
           C:/Cadence/SPB_16.6/share/pcb/pcb_lib/symbols 
           C:/Cadence/SPB_16.6/share/pcb/allegrolib/symbols 
           C:/Users/Dart/Desktop/FMCW/FMCW/PCB/Transmitter/psm/footprints/ 
           C:/Users/Dart/Desktop/FMCW/FMCW/PCB/Transmitter/psm/UltraLibrarian/hmc701-40/ 
           C:/Users/Dart/Desktop/FMCW/FMCW/PCB/Transmitter/psm/UltraLibrarian/hmc509-32/ 
           C:/Users/Dart/Desktop/FMCW/FMCW/PCB/Transmitter/psm/UltraLibrarian/hmc996-24/ 
           C:/Users/Dart/Desktop/FMCW/FMCW/PCB/Transmitter/psm/UltraLibrarian/adf4158-24 

PADPATH =  . 
           symbols 
           .. 
           ../symbols 
           C:/Cadence/SPB_16.6/share/local/pcb/padstacks 
           C:/Cadence/SPB_16.6/share/pcb/pcb_lib/symbols 
           C:/Cadence/SPB_16.6/share/pcb/allegrolib/symbols 
           C:/Users/Dart/Desktop/FMCW/FMCW/PCB/Transmitter/psm/padstacks/ 
           C:/Users/Dart/Desktop/FMCW/FMCW/PCB/Transmitter/psm/UltraLibrarian/hmc701-40/ 
           C:/Users/Dart/Desktop/FMCW/FMCW/PCB/Transmitter/psm/UltraLibrarian/hmc509-32/ 
           C:/Users/Dart/Desktop/FMCW/FMCW/PCB/Transmitter/psm/UltraLibrarian/hmc996-24/ 
           C:/Users/Dart/Desktop/FMCW/FMCW/PCB/Transmitter/psm/UltraLibrarian/adf4158-24/ 


------ Summary Statistics ------


netrev run on Feb 28 21:30:44 2016
   DESIGN NAME : 'TRANS'
   PACKAGING ON Oct 15 2014 05:53:32

   COMPILE 'logic'
   CHECK_PIN_NAMES OFF
   CROSS_REFERENCE OFF
   FEEDBACK OFF
   INCREMENTAL OFF
   INTERFACE_TYPE PHYSICAL
   MAX_ERRORS 500
   MERGE_MINIMUM 5
   NET_NAME_CHARS '#%&()*+-./:=>?@[]^_`|'
   NET_NAME_LENGTH 24
   OVERSIGHTS ON
   REPLACE_CHECK OFF
   SINGLE_NODE_NETS ON
   SPLIT_MINIMUM 0
   SUPPRESS   20
   WARNINGS ON

 No error detected
 No oversight detected
 No warning detected

cpu time      0:00:31
elapsed time  0:00:00

